# Test SDK

> A test SDK for golden file verification.

## Chat

### [Create Channels](https://docs.example.com/social-plus-sdk/chat/sample)

> Build structured chat experiences by creating channels

The `ChannelRepository` provides channel creation capabilities.

    **Full control over naming**
    - Must ensure uniqueness

If you attempt to create a channel with a duplicate ID, the API returns a conflict error.

## Channel Types

Use community channels for open discussions.

```typescript
const channel = await repo.create({ displayName: "general" });
```

